[
	[
		[4, 4, 4, 4, 4, 4, 4, 4, 4, 4, 4, 4, 4, 4, 4, 4, 4, 4, 4, 4, 4, 4, 4, 4, 4, 4, 4, 4, 4, 4, 4, 4],
		[4, 4, 4, 4, 4, 4, 4, 4, 4, 4, 4, 4, 4, 4, 4, 4, 4, 4, 4, 4, 4, 4, 4, 4, 4, 4, 4, 4, 4, 4, 4, 4],
		[4, 4, 4, 4, 4, 4, 4, 4, 4, 4, 4, 4, 4, 4, 4, 4, 4, 4, 4, 4, 4, 4, 4, 4, 4, 4, 4, 4, 4, 4, 4, 4],
		[4, 4, 4, 4, 4, 4, 4, 4, 4, 4, 4, 4, 4, 4, 4, 4, 4, 4, 4, 4, 4, 4, 4, 4, 4, 4, 4, 4, 4, 4, 4, 4],
		[4, 4, 4, 4, 4, 4, 4, 4, 4, 4, 4, 4, 4, 4, 4, 4, 4, 4, 4, 4, 4, 4, 4, 4, 4, 4, 4, 4, 4, 4, 4, 4],
		[4, 4, 4, 4, 4, 4, 4, 4, 4, 4, 4, 4, 4, 4, 4, 4, 4, 4, 4, 4, 4, 4, 4, 4, 4, 4, 4, 4, 4, 4, 4, 4],
		[4, 4, 4, 4, 4, 4, 4, 4, 4, 4, 4, 4, 4, 4, 4, 4, 4, 4, 4, 4, 4, 4, 4, 4, 4, 4, 4, 4, 4, 4, 4, 4],
		[4, 4, 4, 4, 4, 4, 4, 4, 4, 4, 4, 4, 4, 4, 4, 4, 4, 4, 4, 4, 4, 4, 4, 4, 4, 4, 4, 4, 4, 4, 4, 4],
		[4, 4, 4, 4, 4, 4, 4, 4, 4, 4, 4, 4, 4, 4, 4, 4, 4, 4, 4, 4, 4, 4, 4, 4, 4, 4, 4, 4, 4, 4, 4, 4],
		[4, 4, 4, 4, 4, 4, 4, 4, 4, 4, 4, 4, 4, 4, 4, 4, 4, 4, 4, 4, 4, 4, 4, 4, 4, 4, 4, 4, 4, 4, 4, 4],
		[4, 4, 4, 4, 4, 4, 4, 4, 4, 4, 4, 4, 4, 4, 4, 4, 4, 4, 4, 4, 4, 4, 4, 4, 4, 4, 4, 4, 4, 4, 4, 4],
		[4, 4, 4, 4, 4, 4, 4, 4, 4, 4, 4, 4, 4, 4, 4, 4, 4, 4, 4, 4, 4, 4, 4, 4, 4, 4, 4, 4, 4, 4, 4, 4],
		[4, 4, 4, 4, 4, 4, 4, 4, 4, 4, 4, 4, 4, 4, 4, 4, 4, 4, 4, 4, 4, 4, 4, 4, 4, 4, 4, 4, 4, 4, 4, 4],
		[4, 4, 4, 4, 4, 4, 4, 4, 4, 4, 4, 4, 4, 4, 4, 4, 4, 4, 4, 4, 4, 4, 4, 4, 4, 4, 4, 4, 4, 4, 4, 4],
		[4, 4, 4, 4, 4, 4, 4, 4, 4, 4, 4, 4, 4, 4, 4, 4, 4, 4, 4, 4, 4, 4, 4, 4, 4, 4, 4, 4, 4, 4, 4, 4],
		[4, 4, 4, 4, 4, 4, 4, 4, 4, 4, 4, 4, 4, 4, 4, 4, 4, 4, 4, 4, 4, 4, 4, 4, 4, 4, 4, 4, 4, 4, 4, 4],
		[4, 4, 4, 4, 4, 4, 4, 4, 4, 4, 4, 4, 4, 4, 4, 4, 4, 4, 4, 4, 4, 4, 4, 4, 4, 4, 4, 4, 4, 4, 4, 4],
		[4, 4, 4, 4, 4, 4, 4, 4, 4, 4, 4, 4, 4, 4, 4, 4, 4, 4, 4, 4, 4, 4, 4, 4, 4, 4, 4, 4, 4, 4, 4, 4],
		[4, 4, 4, 4, 4, 4, 4, 4, 4, 4, 4, 4, 4, 4, 4, 4, 4, 4, 4, 4, 4, 4, 4, 4, 4, 4, 4, 4, 4, 4, 4, 4],
		[4, 4, 4, 4, 4, 4, 4, 4, 4, 4, 4, 4, 4, 4, 4, 4, 4, 4, 4, 4, 4, 4, 4, 4, 4, 4, 4, 4, 4, 4, 4, 4],
		[4, 4, 4, 4, 4, 4, 4, 4, 4, 4, 4, 4, 4, 4, 4, 4, 4, 4, 4, 4, 4, 4, 4, 4, 4, 4, 4, 4, 4, 4, 4, 4],
		[4, 4, 4, 4, 4, 4, 4, 4, 4, 4, 4, 4, 4, 4, 4, 4, 4, 4, 4, 4, 4, 4, 4, 4, 4, 4, 4, 4, 4, 4, 4, 4],
		[4, 4, 4, 4, 4, 4, 4, 4, 4, 4, 4, 4, 4, 4, 4, 4, 4, 4, 4, 4, 4, 4, 4, 4, 4, 4, 4, 4, 4, 4, 4, 4],
		[4, 4, 4, 4, 4, 4, 4, 4, 4, 4, 4, 4, 4, 4, 4, 4, 4, 4, 4, 4, 4, 4, 4, 4, 4, 4, 4, 4, 4, 4, 4, 4],
		[4, 4, 4, 4, 4, 4, 4, 4, 4, 4, 4, 4, 4, 4, 4, 4, 4, 4, 4, 4, 4, 4, 4, 4, 4, 4, 4, 4, 4, 4, 4, 4],
		[4, 4, 4, 4, 4, 4, 4, 4, 4, 4, 4, 4, 4, 4, 4, 4, 4, 4, 4, 4, 4, 4, 4, 4, 4, 4, 4, 4, 4, 4, 4, 4],
		[4, 4, 4, 4, 4, 4, 4, 4, 4, 4, 4, 4, 4, 4, 4, 4, 4, 4, 4, 4, 4, 4, 4, 4, 4, 4, 4, 4, 4, 4, 4, 4],
		[4, 4, 4, 4, 4, 4, 4, 4, 4, 4, 4, 4, 4, 4, 4, 4, 4, 4, 4, 4, 4, 4, 4, 4, 4, 4, 4, 4, 4, 4, 4, 4],
		[4, 4, 4, 4, 4, 4, 4, 4, 4, 4, 4, 4, 4, 4, 4, 4, 4, 4, 4, 4, 4, 4, 4, 4, 4, 4, 4, 4, 4, 4, 4, 4],
		[4, 4, 4, 4, 4, 4, 4, 4, 4, 4, 4, 4, 4, 4, 4, 4, 4, 4, 4, 4, 4, 4, 4, 4, 4, 4, 4, 4, 4, 4, 4, 4],
		[4, 4, 4, 4, 4, 4, 4, 4, 4, 4, 4, 4, 4, 4, 4, 4, 4, 4, 4, 4, 4, 4, 4, 4, 4, 4, 4, 4, 4, 4, 4, 4],
		[4, 4, 4, 4, 4, 4, 4, 4, 4, 4, 4, 4, 4, 4, 4, 4, 4, 4, 4, 4, 4, 4, 4, 4, 4, 4, 4, 4, 4, 4, 4, 4]
	],
	
	[
		[1169, 1169, 1169, 1169, 1169, 1169, 1169, 1169, 1169, 1169, 1169, 1169, 1169, 1169, 1169, 1169, 1169, 1169, 1169, 1169, 1169, 1169, 1169, 1169, "^", "^", "^", "^", "^", "^", "^", "^"],
		[16, 17, 16, 17, 80, 81, 82, "^", "^", "^", "^", "^", "^", "^", "^", "^", "^", "^", "^", "^", "^", "^", "^", "^", "^", "^", "^", "^", "^", "^", "^", "^"],
		["^", "^", "^", "^", 88, 89, 90, "^", "^", "^", "^", "^", "^", "^", "^", "^", "^", "^", "^", "^", "^", "^", "^", "^", "^", "^", "^", "^", "^", "^", "^", "^"],
		["^", "^", "^", "^", 96, 97, 98, "^", "^", "^", "^", "^", "^", "^", "^", "^", "^", "^", "^", "^", "^", "^", "^", "^", "^", "^", "^", "^", "^", "^", "^", "^"],
		["^", "^", "^", "^", 104, 105, 106, "^", "^", "^", "^", "^", "^", "^", "^", "^", "^", "^", "^", "^", "^", "^", "^", "^", "^", "^", "^", "^", "^", "^", "^", "^"],
		["^", "^", "^", "^", "^", "^", "^", "^", "^", "^", "^", "^", "^", "^", "^", "^", "^", "^", "^", "^", "^", "^", "^", "^", "^", "^", "^", "^", "^", "^", "^", "^"],
		["^", "^", "^", "^", "^", "^", "^", "^", "^", "^", "^", "^", "^", "^", "^", "^", "^", "^", "^", "^", "^", "^", "^", "^", "^", "^", "^", "^", "^", "^", "^", "^"],
		["^", "^", "^", "^", "^", "^", "^", "^", "^", "^", "^", "^", "^", "^", "^", "^", "^", "^", "^", "^", "^", "^", "^", "^", "^", "^", "^", "^", "^", "^", "^", "^"],
		["^", "^", "^", "^", "^", "^", "^", "^", "^", "^", "^", "^", "^", "^", "^", "^", "^", "^", "^", "^", "^", "^", "^", "^", "^", "^", "^", "^", "^", "^", "^", "^"],
		["^", "^", "^", "^", "^", "^", "^", "^", "^", "^", "^", "^", "^", "^", "^", "^", "^", "^", "^", "^", "^", "^", "^", "^", "^", "^", "^", "^", "^", "^", "^", "^"],
		["^", "^", "^", "^", "^", "^", "^", "^", "^", "^", "^", "^", "^", "^", "^", "^", "^", "^", "^", "^", "^", "^", "^", "^", "^", "^", "^", "^", "^", "^", "^", "^"],
		["^", "^", "^", "^", "^", "^", "^", "^", "^", "^", "^", "^", "^", "^", "^", "^", "^", "^", "^", "^", "^", "^", "^", "^", "^", "^", "^", "^", "^", "^", "^", "^"],
		["^", "^", "^", "^", "^", "^", "^", "^", "^", "^", "^", "^", "^", "^", "^", "^", "^", "^", "^", "^", "^", "^", "^", "^", "^", "^", "^", "^", "^", "^", "^", "^"],
		["^", "^", "^", "^", "^", "^", "^", "^", "^", "^", "^", "^", "^", "^", "^", "^", "^", "^", "^", "^", "^", "^", "^", "^", "^", "^", "^", "^", "^", "^", "^", "^"],
		["^", "^", "^", "^", "^", "^", "^", "^", "^", "^", "^", "^", "^", "^", "^", "^", "^", "^", "^", "^", "^", "^", "^", "^", "^", "^", "^", "^", "^", "^", "^", "^"],
		["^", "^", "^", "^", "^", "^", "^", "^", "^", "^", "^", "^", "^", "^", "^", "^", "^", "^", "^", "^", "^", "^", "^", "^", "^", "^", "^", "^", "^", "^", "^", "^"],
		["^", "^", "^", "^", "^", "^", "^", "^", "^", "^", "^", "^", "^", "^", "^", "^", "^", "^", "^", "^", "^", "^", "^", "^", "^", "^", "^", "^", "^", "^", "^", "^"],
		["^", "^", "^", "^", "^", "^", "^", "^", "^", "^", "^", "^", "^", "^", "^", "^", "^", "^", "^", "^", "^", "^", "^", "^", "^", "^", "^", "^", "^", "^", "^", "^"],
		["^", "^", "^", "^", "^", "^", "^", "^", "^", "^", "^", "^", "^", "^", "^", "^", "^", "^", "^", "^", "^", "^", "^", "^", "^", "^", "^", "^", "^", "^", "^", "^"],
		["^", "^", "^", "^", "^", "^", "^", "^", "^", "^", "^", "^", "^", "^", "^", "^", "^", "^", "^", "^", "^", "^", "^", "^", "^", "^", "^", "^", "^", "^", "^", "^"],
		["^", "^", "^", "^", "^", "^", "^", "^", "^", "^", "^", "^", "^", "^", "^", "^", "^", "^", "^", "^", "^", "^", "^", "^", "^", "^", "^", "^", "^", "^", "^", "^"],
		["^", "^", "^", "^", "^", "^", "^", "^", "^", "^", "^", "^", "^", "^", "^", "^", "^", "^", "^", "^", "^", "^", "^", "^", "^", "^", "^", "^", "^", "^", "^", "^"],
		["^", "^", "^", "^", "^", "^", "^", "^", "^", "^", "^", "^", "^", "^", "^", "^", "^", "^", "^", "^", "^", "^", "^", "^", "^", "^", "^", "^", "^", "^", "^", "^"],
		["^", "^", "^", "^", "^", "^", "^", "^", "^", "^", "^", "^", "^", "^", "^", "^", "^", "^", "^", "^", "^", "^", "^", "^", "^", "^", "^", "^", "^", "^", "^", "^"],
		["^", "^", "^", "^", "^", "^", "^", "^", "^", "^", "^", "^", "^", "^", "^", "^", "^", "^", "^", "^", "^", "^", "^", "^", "^", "^", "^", "^", "^", "^", "^", "^"],
		["^", "^", "^", "^", "^", "^", "^", "^", "^", "^", "^", "^", "^", "^", "^", "^", "^", "^", "^", "^", "^", "^", "^", "^", "^", "^", "^", "^", "^", "^", "^", "^"],
		["^", "^", "^", "^", "^", "^", "^", "^", "^", "^", "^", "^", "^", "^", "^", "^", "^", "^", "^", "^", "^", "^", "^", "^", "^", "^", "^", "^", "^", "^", "^", "^"],
		["^", "^", "^", "^", "^", "^", "^", "^", "^", "^", "^", "^", "^", "^", "^", "^", "^", "^", "^", "^", "^", "^", "^", "^", "^", "^", "^", "^", "^", "^", "^", "^"],
		["^", "^", "^", "^", "^", "^", "^", "^", "^", "^", "^", "^", "^", "^", "^", "^", "^", "^", "^", "^", "^", "^", "^", "^", "^", "^", "^", "^", "^", "^", "^", "^"],
		["^", "^", "^", "^", "^", "^", "^", "^", "^", "^", "^", "^", "^", "^", "^", "^", "^", "^", "^", "^", "^", "^", "^", "^", "^", "^", "^", "^", "^", "^", "^", "^"],
		["^", "^", "^", "^", "^", "^", "^", "^", "^", "^", "^", "^", "^", "^", "^", "^", "^", "^", "^", "^", "^", "^", "^", "^", "^", "^", "^", "^", "^", "^", "^", "^"],
		["^", "^", "^", "^", "^", "^", "^", "^", "^", "^", "^", "^", "^", "^", "^", "^", "^", "^", "^", "^", "^", "^", "^", "^", "^", "^", "^", "^", "^", "^", "^", "^"]
	],
	
	[
		["^", "^", "^", "^", "^", "^", "^", "^", "^", "^", "^", "^", "^", "^", "^", "^", "^", "^", "^", "^", "^", "^", "^", "^", "^", "^", "^", "^", "^", "^", "^", "^"],
		["^", "^", "^", "^", "^", "^", "^", "^", "^", "^", "^", "^", "^", "^", "^", "^", "^", "^", "^", "^", "^", "^", "^", "^", "^", "^", "^", "^", "^", "^", "^", "^"],
		["^", "^", "^", "^", "^", "^", "^", "^", "^", "^", "^", "^", "^", "^", "^", "^", "^", "^", "^", "^", "^", "^", "^", "^", "^", "^", "^", "^", "^", "^", "^", "^"],
		["^", "^", "^", "^", "^", "^", "^", "^", "^", "^", "^", "^", "^", "^", "^", "^", "^", "^", "^", "^", "^", "^", "^", "^", "^", "^", "^", "^", "^", "^", "^", "^"],
		["^", "^", "^", "^", "^", "^", "^", "^", "^", "^", "^", "^", "^", "^", "^", "^", "^", "^", "^", "^", "^", "^", "^", "^", "^", "^", "^", "^", "^", "^", "^", "^"],
		["^", "^", "^", "^", "^", "^", "^", "^", "^", "^", "^", "^", "^", "^", "^", "^", "^", "^", "^", "^", "^", "^", "^", "^", "^", "^", "^", "^", "^", "^", "^", "^"],
		["^", "^", "^", "^", "^", "^", "^", "^", "^", "^", "^", "^", "^", "^", "^", "^", "^", "^", "^", "^", "^", "^", "^", "^", "^", "^", "^", "^", "^", "^", "^", "^"],
		["^", "^", "^", "^", "^", "^", "^", "^", "^", "^", "^", "^", "^", "^", "^", "^", "^", "^", "^", "^", "^", "^", "^", "^", "^", "^", "^", "^", "^", "^", "^", "^"],
		["^", "^", "^", "^", "^", "^", "^", "^", "^", "^", "^", "^", "^", "^", "^", "^", "^", "^", "^", "^", "^", "^", "^", "^", "^", "^", "^", "^", "^", "^", "^", "^"],
		["^", "^", "^", "^", "^", "^", "^", "^", "^", "^", "^", "^", "^", "^", "^", "^", "^", "^", "^", "^", "^", "^", "^", "^", "^", "^", "^", "^", "^", "^", "^", "^"],
		["^", "^", "^", "^", "^", "^", "^", "^", "^", "^", "^", "^", "^", "^", "^", "^", "^", "^", "^", "^", "^", "^", "^", "^", "^", "^", "^", "^", "^", "^", "^", "^"],
		["^", "^", "^", "^", "^", "^", "^", "^", "^", "^", "^", "^", "^", "^", "^", "^", "^", "^", "^", "^", "^", "^", "^", "^", "^", "^", "^", "^", "^", "^", "^", "^"],
		["^", "^", "^", "^", "^", "^", "^", "^", "^", "^", "^", "^", "^", "^", "^", "^", "^", "^", "^", "^", "^", "^", "^", "^", "^", "^", "^", "^", "^", "^", "^", "^"],
		["^", "^", "^", "^", "^", "^", "^", "^", "^", "^", "^", "^", "^", "^", "^", "^", "^", "^", "^", "^", "^", "^", "^", "^", "^", "^", "^", "^", "^", "^", "^", "^"],
		["^", "^", "^", "^", "^", "^", "^", "^", "^", "^", "^", "^", "^", "^", "^", "^", "^", "^", "^", "^", "^", "^", "^", "^", "^", "^", "^", "^", "^", "^", "^", "^"],
		["^", "^", "^", "^", "^", "^", "^", "^", "^", "^", "^", "^", "^", "^", "^", "^", "^", "^", "^", "^", "^", "^", "^", "^", "^", "^", "^", "^", "^", "^", "^", "^"],
		["^", "^", "^", "^", "^", "^", "^", "^", "^", "^", "^", "^", "^", "^", "^", "^", "^", "^", "^", "^", "^", "^", "^", "^", "^", "^", "^", "^", "^", "^", "^", "^"],
		["^", "^", "^", "^", "^", "^", "^", "^", "^", "^", "^", "^", "^", "^", "^", "^", "^", "^", "^", "^", "^", "^", "^", "^", "^", "^", "^", "^", "^", "^", "^", "^"],
		["^", "^", "^", "^", "^", "^", "^", "^", "^", "^", "^", "^", "^", "^", "^", "^", "^", "^", "^", "^", "^", "^", "^", "^", "^", "^", "^", "^", "^", "^", "^", "^"],
		["^", "^", "^", "^", "^", "^", "^", "^", "^", "^", "^", "^", "^", "^", "^", "^", "^", "^", "^", "^", "^", "^", "^", "^", "^", "^", "^", "^", "^", "^", "^", "^"],
		["^", "^", "^", "^", "^", "^", "^", "^", "^", "^", "^", "^", "^", "^", "^", "^", "^", "^", "^", "^", "^", "^", "^", "^", "^", "^", "^", "^", "^", "^", "^", "^"],
		["^", "^", "^", "^", "^", "^", "^", "^", "^", "^", "^", "^", "^", "^", "^", "^", "^", "^", "^", "^", "^", "^", "^", "^", "^", "^", "^", "^", "^", "^", "^", "^"],
		["^", "^", "^", "^", "^", "^", "^", "^", "^", "^", "^", "^", "^", "^", "^", "^", "^", "^", "^", "^", "^", "^", "^", "^", "^", "^", "^", "^", "^", "^", "^", "^"],
		["^", "^", "^", "^", "^", "^", "^", "^", "^", "^", "^", "^", "^", "^", "^", "^", "^", "^", "^", "^", "^", "^", "^", "^", "^", "^", "^", "^", "^", "^", "^", "^"],
		["^", "^", "^", "^", "^", "^", "^", "^", "^", "^", "^", "^", "^", "^", "^", "^", "^", "^", "^", "^", "^", "^", "^", "^", "^", "^", "^", "^", "^", "^", "^", "^"],
		["^", "^", "^", "^", "^", "^", "^", "^", "^", "^", "^", "^", "^", "^", "^", "^", "^", "^", "^", "^", "^", "^", "^", "^", "^", "^", "^", "^", "^", "^", "^", "^"],
		["^", "^", "^", "^", "^", "^", "^", "^", "^", "^", "^", "^", "^", "^", "^", "^", "^", "^", "^", "^", "^", "^", "^", "^", "^", "^", "^", "^", "^", "^", "^", "^"],
		["^", "^", "^", "^", "^", "^", "^", "^", "^", "^", "^", "^", "^", "^", "^", "^", "^", "^", "^", "^", "^", "^", "^", "^", "^", "^", "^", "^", "^", "^", "^", "^"],
		["^", "^", "^", "^", "^", "^", "^", "^", "^", "^", "^", "^", "^", "^", "^", "^", "^", "^", "^", "^", "^", "^", "^", "^", "^", "^", "^", "^", "^", "^", "^", "^"],
		["^", "^", "^", "^", "^", "^", "^", "^", "^", "^", "^", "^", "^", "^", "^", "^", "^", "^", "^", "^", "^", "^", "^", "^", "^", "^", "^", "^", "^", "^", "^", "^"],
		["^", "^", "^", "^", "^", "^", "^", "^", "^", "^", "^", "^", "^", "^", "^", "^", "^", "^", "^", "^", "^", "^", "^", "^", "^", "^", "^", "^", "^", "^", "^", "^"],
		["^", "^", "^", "^", "^", "^", "^", "^", "^", "^", "^", "^", "^", "^", "^", "^", "^", "^", "^", "^", "^", "^", "^", "^", "^", "^", "^", "^", "^", "^", "^", "^"]
	]
]
